 * Serving Flask app 'app'
 * Debug mode: on
[31m[1mWARNING: This is a development server. Do not use it in a production deployment. Use a production WSGI server instead.[0m
 * Running on all addresses (0.0.0.0)
 * Running on https://127.0.0.1:8080
 * Running on https://10.1.1.4:8080
[33mPress CTRL+C to quit[0m
 * Restarting with stat
 * Debugger is active!
 * Debugger PIN: 337-084-677
223.228.117.183 - - [17/Jul/2025 03:09:37] "OPTIONS /suggest HTTP/1.1" 200 -
223.228.117.183 - - [17/Jul/2025 03:09:40] "POST /suggest HTTP/1.1" 200 -
 * Detected change in '/home/sai/well/WellSync/backend/app.py', reloading
https://api.themoviedb.org/3/discover/movie?api_key=ec7142b23ac69a72d61782242a68377c&with_genres=35&include_adult=false&certification_country=US&certification.lte=PG-13
got movies
Exit gen_sug
https://api.themoviedb.org/3/discover/movie?api_key=ec7142b23ac69a72d61782242a68377c&with_genres=16&include_adult=false&certification_country=US&certification.lte=PG-13
got movies
Exit gen_sug
https://api.themoviedb.org/3/discover/movie?api_key=ec7142b23ac69a72d61782242a68377c&with_genres=10402&include_adult=false&certification_country=US&certification.lte=PG-13
got movies
Exit gen_sug
https://api.themoviedb.org/3/discover/movie?api_key=ec7142b23ac69a72d61782242a68377c&with_genres=10751&include_adult=false&certification_country=US&certification.lte=PG-13
got movies
Exit gen_sug
 * Restarting with stat
 * Debugger is active!
 * Debugger PIN: 337-084-677
 * Detected change in '/home/sai/well/WellSync/backend/app.py', reloading
 * Restarting with stat
 * Debugger is active!
 * Debugger PIN: 337-084-677
