
> awwwards-website@0.0.0 dev
> vite --host 0.0.0.0

✘ [ERROR] Expected ";" but found ":"

    vite.config.js:3:6:
      3 │   port: 5173,
        │       ^
        ╵       ;

failed to load config from /home/sai/well/WellSync/frontend/vite.config.js
error when starting dev server:
Error: Build failed with 1 error:
vite.config.js:3:6: ERROR: Expected ";" but found ":"
    at failureErrorWithLog (/home/sai/well/WellSync/frontend/node_modules/esbuild/lib/main.js:1465:15)
    at /home/sai/well/WellSync/frontend/node_modules/esbuild/lib/main.js:924:25
    at runO4:41:48 PM [vite] vite.config.js changed, restarting server...
✘ [ERROR] Expected ";" but found ":"

    vite.config.js:3:6:
      3 │   port: 5173,
        │       ^
        ╵       ;

failed to load config from /home/sai/well/WellSync/frontend/vite.config.js
4:41:48 PM [vite] Build failed with 1 error:
vite.config.js:3:6: ERROR: Expected ";" but found ":"
4:41:48 PM [vite] server restart failed
4:43:42 PM [vite] vite.config.js changed, restarting server...
✘ [ERROR] Expected ";" but found ":"

    vite.config.js:3:6:
      3 │   port: 5173
        │       ^
        ╵       ;

failed to load config from /home/sai/well/WellSync/frontend/vite.config.js
4:43:42 PM [vite] Build failed with 1 error:
vite.config.js:3:6: ERROR: Expected ";" but found ":"
4:43:42 PM [vite] server restart failed
4:44:34 PM [vite] vite.config.js changed, restarting server...
4:44:34 PM [vite] (client) Re-optimizing dependencies because vite config has changed
4:44:34 PM [vite] server restarted.

  ➜  Local:   http://localhost:5173/
  ➜  Network: http://10.1.1.4:5173/
